Warning:
/Users/cheng-huiweng/Projects/coq/rocq-pgg-smc/notes/probes/2026-09-20-tableau-directories-five-card/staged/instances/kim2025/tableau
was previously bound to
tableau_dirs_five_card.staged.instances.kim2025.tableau; it is remapped to
pgg_smc.tableau [overriding-logical-loadpath,filesystem,default]
Warning:
/Users/cheng-huiweng/Projects/coq/rocq-pgg-smc/notes/probes/2026-09-20-tableau-directories-five-card/staged/instances/kim2025
was previously bound to tableau_dirs_five_card.staged.instances.kim2025; it
is remapped to pgg_smc [overriding-logical-loadpath,filesystem,default]
File "./fidelity.v", line 2, characters 15-18:
Warning: Loading Stdlib without prefix is deprecated.
Use "From Stdlib Require Lia" or the deprecated "From Coq Require Lia"
for compatibility with older Coq versions.
[deprecated-missing-stdlib,deprecated-since-9.0,deprecated,default]
File "./fidelity.v", line 7, characters 0-77:
Warning: Notations "_ <| _" defined at level 70 with arguments constr
at next level, constr at next level and "_ <| _ |> _" defined at level 49
with arguments constr at next level, constr at next level
have incompatible prefixes. One of them will likely not work.
[notation-incompatible-prefix,parsing,default]
