ok      4.1 instances/kim2025/five_card_models.v
ok      4.2 lib/var_dist_supp.v
ok      4.3 instances/kim2025/five_card_mixing.v
ok      3.9 instances/kim2025/five_card_analysis.v
ok      4.0 security/var_dist_joint_law.v
ok      3.8 instances/kim2025/five_card_proximity.v
ok      4.0 instances/pgl27/pgl27_models.v
ok      3.8 instances/pgl27/pgl27_analysis.v
ok      3.8 instances/psl211/psl211_word_model.v
ok      3.8 instances/psl211/psl211_analysis.v
ok      6.0 manifest/pgg_analysis_manifest.v
ok     13.3 manifest/pgg_tableau.v
ok      4.4 manifest/pgg_tableau_syntax.v
ok      3.6 instances/kim2025/tableau/five_card_tableau_algebraic.v
ok      3.6 instances/kim2025/tableau/five_card_tableau_executable.v
ok      3.6 instances/kim2025/tableau/five_card_tableau_observed.v
ok      4.0 instances/kim2025/tableau/five_card_tableau_sampled.v
ok      5.9 instances/kim2025/tableau/five_card_tableau_analysis_bridged.v
ok      3.4 instances/s5/tableau/s5_tableau_algebraic.v
ok      3.4 instances/s5/tableau/s5_tableau_executable.v
ok      4.1 instances/s5/tableau/s5_tableau_observed.v
ok      3.7 instances/s5/tableau/s5_tableau_sampled.v
ok      4.3 instances/s5/tableau/s5_tableau_analysis_bridged.v
ok      4.9 instances/kim2025/tableau/five_card_tableau_checks.v
ok      4.3 instances/pgl27/pgl27_proximity.v
ok      4.0 instances/pgl27/tableau/pgl27_tableau_algebraic.v
ok      4.0 instances/pgl27/tableau/pgl27_tableau_executable.v
ok      4.6 instances/pgl27/tableau/pgl27_tableau_observed.v
ok      3.9 instances/pgl27/tableau/pgl27_tableau_sampled.v
ok      7.3 instances/pgl27/tableau/pgl27_tableau_analysis_bridged.v
ok      4.6 instances/pgl27/tableau/pgl27_tableau_checks.v
ok     23.4 instances/psl211/psl211_reading_constancy.v
ok      4.0 instances/psl211/psl211_word_proximity.v
ok      3.9 instances/psl211/tableau/psl211_tableau_algebraic.v
ok      3.8 instances/psl211/tableau/psl211_tableau_executable.v
ok      4.8 instances/psl211/tableau/psl211_tableau_observed.v
ok      3.8 instances/psl211/tableau/psl211_tableau_sampled.v
ok      5.3 instances/psl211/tableau/psl211_tableau_analysis_bridged.v
ok      4.7 instances/psl211/tableau/psl211_tableau_checks.v
ok      3.7 instances/s5/tableau/s5_tableau_checks.v
ok      4.3 lib/fdist_prod_cst_cond.v
ok      4.0 manifest/pgg_analysis_client.v
ok      4.0 manifest/pgg_tableau_security_property_relations.v
