rc=0    4.1s manifest/pgg_analysis_status.v
rc=0    3.9s instances/kim2025/five_card_models.v
rc=0    3.8s protocol/pgg_functionality.v
rc=0    4.2s instances/kim2025/five_card_mixing.v
rc=0    4.3s instances/kim2025/five_card_analysis.v
rc=0    4.0s instances/kim2025/five_card_proximity.v
rc=0    3.9s instances/pgl27/pgl27_word_privacy.v
rc=0   17.6s instances/pgl27/pgl27_exec.v
rc=0    4.3s instances/pgl27/pgl27_models.v
rc=0    4.3s instances/pgl27/pgl27_analysis.v
rc=0   30.2s instances/psl211/psl211_models.v
rc=0    4.1s instances/psl211/psl211_word_model.v
rc=0    4.1s instances/psl211/psl211_analysis.v
rc=0   19.9s instances/s5/s5_mixing.v
rc=0    4.1s instances/s5/rigidity_s5_instance.v
rc=0    3.6s instances/s5/s5_profile.v
rc=0    4.5s instances/s5/s5_run.v
rc=0    5.9s instances/s5/s5_trace.v
rc=0    5.6s instances/s5/s5_exec.v
rc=0    3.9s instances/s5/s5_models.v
rc=0    3.8s instances/s5/s5_analysis.v
rc=0    6.0s manifest/pgg_analysis_manifest.v
rc=0   13.1s manifest/pgg_tableau.v
rc=0    4.4s manifest/pgg_tableau_syntax.v
rc=0    3.7s instances/kim2025/tableau/five_card_tableau_algebraic.v
rc=0    3.7s instances/kim2025/tableau/five_card_tableau_executable.v
rc=0    3.7s instances/kim2025/tableau/five_card_tableau_observed.v
rc=0    4.0s instances/kim2025/tableau/five_card_tableau_sampled.v
rc=0    5.9s instances/kim2025/tableau/five_card_tableau_analysis_bridged.v
rc=0    3.4s instances/s5/tableau/s5_tableau_algebraic.v
rc=0    3.4s instances/s5/tableau/s5_tableau_executable.v
rc=0    3.9s instances/s5/tableau/s5_tableau_observed.v
rc=0    3.4s instances/s5/tableau/s5_tableau_sampled.v
rc=0    4.0s instances/s5/tableau/s5_tableau_analysis_bridged.v
rc=0    4.6s instances/kim2025/tableau/five_card_tableau_checks.v
rc=0    6.3s instances/pgl27/pgl27_encoding_r5.v
rc=0    9.2s instances/pgl27/pgl27_leakage_r5.v
rc=0    4.1s instances/pgl27/pgl27_trace_encoding.v
rc=0   12.4s instances/pgl27/pgl27_leakage_r7.v
rc=0    4.0s instances/pgl27/pgl27_encoding_compare.v
rc=0    4.4s instances/pgl27/pgl27_profile_privacy.v
rc=0    4.1s instances/pgl27/pgl27_proximity.v
rc=0  149.3s instances/pgl27/pgl27_spectral.v
rc=0    4.0s instances/pgl27/tableau/pgl27_tableau_algebraic.v
rc=0    3.7s instances/pgl27/tableau/pgl27_tableau_executable.v
rc=0    4.0s instances/pgl27/tableau/pgl27_tableau_observed.v
rc=0    3.7s instances/pgl27/tableau/pgl27_tableau_sampled.v
rc=0    7.0s instances/pgl27/tableau/pgl27_tableau_analysis_bridged.v
rc=0    4.5s instances/pgl27/tableau/pgl27_tableau_checks.v
rc=0   22.8s instances/psl211/psl211_reading_constancy.v
rc=0    4.1s instances/psl211/psl211_word_proximity.v
rc=0    4.0s instances/psl211/tableau/psl211_tableau_algebraic.v
rc=0    4.1s instances/psl211/tableau/psl211_tableau_executable.v
rc=0    5.1s instances/psl211/tableau/psl211_tableau_observed.v
rc=0    4.0s instances/psl211/tableau/psl211_tableau_sampled.v
rc=0    5.0s instances/psl211/tableau/psl211_tableau_analysis_bridged.v
rc=0    4.6s instances/psl211/tableau/psl211_tableau_checks.v
rc=0    3.6s instances/s5/tableau/s5_tableau_checks.v
rc=0    4.1s manifest/pgg_analysis_client.v
rc=0    4.1s manifest/pgg_tableau_arm_relations.v
ALL OK
