No object of basename AnalysisPath
No object of basename MkAnalysisPath
No object of basename MkPublished
No object of basename Published
No object of basename PublishedAt
No object of basename ap_assumptions
No object of basename ap_completion
No object of basename ap_model
No object of basename ap_observed
No object of basename ap_transfer
No object of basename five_card_biased_path
No object of basename five_card_biased_published_arm_neq
No object of basename five_card_biased_sampled_at_manifest_level
No object of basename five_card_biased_branch_indistinguishability_published
No object of basename
five_card_biased_branch_indistinguishability_published_armE
No object of basename
five_card_biased_branch_indistinguishability_published_atE
No object of basename
five_card_biased_branch_indistinguishability_published_pathE
No object of basename five_card_biased_forms_pathE
No object of basename five_card_biased_indistinguishability_published_armE
No object of basename
five_card_biased_indistinguishability_published_path_fieldsE
No object of basename five_card_biased_indistinguishability_published_pathE
No object of basename
five_card_biased_indistinguishability_published_sampledE
No object of basename five_card_biased_indistinguishability_published
No object of basename five_card_biased_published_inv25
No object of basename five_card_biased_published_inv25_armE
No object of basename five_card_biased_published_inv25_sampledE
No object of basename five_card_biased_leak_bound
No object of basename five_card_biased_path_levelE
No object of basename five_card_biased_sampled_modelE
No object of basename five_card_biased_sampled_prefixE
No object of basename five_card_biased_proximity_published
No object of basename five_card_biased_proximity_published_armE
No object of basename five_card_biased_proximity_published_path_fieldsE
No object of basename five_card_biased_proximity_published_pathE
No object of basename five_card_biased_sampled
No object of basename five_card_repeated_path
No object of basename five_card_repeated_published39
No object of basename five_card_repeated_published39_armE
No object of basename five_card_repeated_published39_atE
No object of basename five_card_repeated_published39_sampledE
No object of basename five_card_repeated_published39_unindexed
No object of basename five_card_repeated_endpoint_lt
No object of basename five_card_repeated_indistinguishability_published_armE
No object of basename
five_card_repeated_indistinguishability_published_path_fieldsE
No object of basename five_card_repeated_indistinguishability_published_pathE
No object of basename
five_card_repeated_indistinguishability_published_sampledE
No object of basename five_card_repeated_indistinguishability_published
No object of basename
five_card_repeated_indistinguishability_published_uniform_pathE
No object of basename five_card_repeated_sampled_modelE
No object of basename five_card_repeated_sampled_prefixE
No object of basename five_card_repeated_proximity
No object of basename five_card_repeated_sampled
No object of basename five_card_s5_family_sampled
No object of basename five_card_uniform_path
No object of basename five_card_uniform_published_armE
No object of basename five_card_uniform_published_pathE
No object of basename five_card_uniform_published_sampledE
No object of basename five_card_uniform_published
No object of basename pgl27_exact_path
No object of basename pgl27_exact_published_armE
No object of basename pgl27_exact_published_leak7
No object of basename pgl27_exact_published_pathE
No object of basename pgl27_exact_published_sampledE
No object of basename pgl27_exact_published
No object of basename pgl27_prior_exact_path
No object of basename pgl27_prior_exact_published_armE
No object of basename pgl27_prior_exact_published_pathE
No object of basename pgl27_prior_exact_published_sampledE
No object of basename pgl27_prior_exact_published
No object of basename pgl27_word_path
No object of basename pgl27_word_published39
No object of basename pgl27_word_published39_armE
No object of basename pgl27_word_published39_bind
No object of basename pgl27_word_published39_bindE
No object of basename pgl27_word_published39_unindexed
No object of basename pgl27_word_published39_unindexed_bind
No object of basename pgl27_word_published41
No object of basename pgl27_word_published_armE
No object of basename pgl27_word_published_arm_neq
No object of basename pgl27_word_branch_published39
No object of basename pgl27_word_branch_published39_armE
No object of basename pgl27_word_published_certE
No object of basename pgl27_word_published_families_sampledE
No object of basename pgl27_word_published_obs_sampledE
No object of basename pgl27_word_proximity_published
No object of basename pgl27_word_proximity_published_armE
No object of basename pgl27_word_proximity_published_pathE
No object of basename pgl27_word_published_pathE
No object of basename pgl27_word_published_sampledE
No object of basename pgl27_word_published
No object of basename psl211_alldecks_path
No object of basename psl211_alldecks_published_armE
No object of basename psl211_alldecks_published_pathE
No object of basename psl211_alldecks_published_sampledE
No object of basename psl211_alldecks_published
No object of basename psl211_vm_reuse_sampled
No object of basename psl211_word_path
No object of basename psl211_word_proximity_published
No object of basename psl211_word_proximity_published_armE
No object of basename psl211_word_proximity_published_pathE
No object of basename psl211_word_proximity_published_sampledE
No object of basename published_path
No object of basename s5_dealt_path_observedE
No object of basename s5_det_path
No object of basename s5_rand_path
No object of basename s5_rand_published_armE
No object of basename s5_rand_published_pathE
No object of basename s5_rand_published_sampledE
No object of basename s5_rand_published
No object of basename s5_word_path
