ok     14.0 manifest/pgg_tableau.v
ok      4.8 manifest/pgg_tableau_syntax.v
ok      4.0 instances/kim2025/tableau/five_card_tableau_algebraic.v
ok      3.9 instances/kim2025/tableau/five_card_tableau_executable.v
ok      3.9 instances/kim2025/tableau/five_card_tableau_observed.v
ok      4.3 instances/kim2025/tableau/five_card_tableau_sampled.v
ok      6.4 instances/kim2025/tableau/five_card_tableau_analysis_bridged.v
ok      3.6 instances/s5/tableau/s5_tableau_algebraic.v
ok      3.7 instances/s5/tableau/s5_tableau_executable.v
ok      4.4 instances/s5/tableau/s5_tableau_observed.v
ok      3.7 instances/s5/tableau/s5_tableau_sampled.v
ok      4.3 instances/s5/tableau/s5_tableau_analysis_bridged.v
ok      4.9 instances/kim2025/tableau/five_card_tableau_checks.v
ok      4.1 instances/pgl27/tableau/pgl27_tableau_algebraic.v
ok      3.8 instances/pgl27/tableau/pgl27_tableau_executable.v
ok      4.0 instances/pgl27/tableau/pgl27_tableau_observed.v
ok      3.9 instances/pgl27/tableau/pgl27_tableau_sampled.v
ok      7.4 instances/pgl27/tableau/pgl27_tableau_analysis_bridged.v
ok      4.8 instances/pgl27/tableau/pgl27_tableau_checks.v
ok     23.2 instances/psl211/psl211_reading_constancy.v
ok      4.0 instances/psl211/tableau/psl211_tableau_algebraic.v
ok      4.2 instances/psl211/tableau/psl211_tableau_executable.v
ok      5.2 instances/psl211/tableau/psl211_tableau_observed.v
ok      3.9 instances/psl211/tableau/psl211_tableau_sampled.v
ok      4.9 instances/psl211/tableau/psl211_tableau_analysis_bridged.v
ok      4.5 instances/psl211/tableau/psl211_tableau_checks.v
ok      3.6 instances/s5/tableau/s5_tableau_checks.v
ok      4.0 manifest/pgg_tableau_security_property_relations.v
