rc=0    4.3s security/var_dist_joint_law.v
rc=0    3.7s instances/kim2025/five_card_proximity.v
rc=0    3.7s instances/pgl27/pgl27_word_privacy.v
rc=0   17.1s instances/pgl27/pgl27_exec.v
rc=0    4.1s instances/pgl27/pgl27_models.v
rc=0    3.8s instances/pgl27/pgl27_analysis.v
rc=0   28.6s instances/psl211/psl211_models.v
rc=0    3.8s instances/psl211/psl211_word_model.v
rc=0    3.9s instances/psl211/psl211_analysis.v
rc=0    6.0s manifest/pgg_analysis_manifest.v
rc=0   13.2s manifest/pgg_tableau.v
rc=0    4.4s manifest/pgg_tableau_syntax.v
rc=0    3.7s instances/kim2025/tableau/five_card_tableau_algebraic.v
rc=0    3.7s instances/kim2025/tableau/five_card_tableau_executable.v
rc=0    3.7s instances/kim2025/tableau/five_card_tableau_observed.v
rc=0    4.0s instances/kim2025/tableau/five_card_tableau_sampled.v
rc=0    5.9s instances/kim2025/tableau/five_card_tableau_analysis_bridged.v
rc=0    3.4s instances/s5/tableau/s5_tableau_algebraic.v
rc=0    3.4s instances/s5/tableau/s5_tableau_executable.v
rc=0    3.9s instances/s5/tableau/s5_tableau_observed.v
rc=0    3.4s instances/s5/tableau/s5_tableau_sampled.v
rc=0    4.0s instances/s5/tableau/s5_tableau_analysis_bridged.v
rc=0    4.6s instances/kim2025/tableau/five_card_tableau_checks.v
rc=0    4.0s instances/pgl27/pgl27_proximity.v
rc=0    3.8s instances/pgl27/tableau/pgl27_tableau_algebraic.v
rc=0    3.8s instances/pgl27/tableau/pgl27_tableau_executable.v
rc=0    4.0s instances/pgl27/tableau/pgl27_tableau_observed.v
rc=0    3.8s instances/pgl27/tableau/pgl27_tableau_sampled.v
rc=0    7.1s instances/pgl27/tableau/pgl27_tableau_analysis_bridged.v
rc=0    4.6s instances/pgl27/tableau/pgl27_tableau_checks.v
rc=0   22.3s instances/psl211/psl211_reading_constancy.v
rc=0    3.8s instances/psl211/psl211_word_proximity.v
rc=0    3.8s instances/psl211/tableau/psl211_tableau_algebraic.v
rc=0    3.8s instances/psl211/tableau/psl211_tableau_executable.v
rc=0    4.8s instances/psl211/tableau/psl211_tableau_observed.v
rc=0    3.8s instances/psl211/tableau/psl211_tableau_sampled.v
rc=0    4.8s instances/psl211/tableau/psl211_tableau_analysis_bridged.v
rc=0    4.4s instances/psl211/tableau/psl211_tableau_checks.v
rc=0    3.5s instances/s5/tableau/s5_tableau_checks.v
rc=0    3.9s manifest/pgg_analysis_client.v
rc=0    3.8s manifest/pgg_tableau_security_property_relations.v
ALL OK
