rc=0    7.9s manifest/pgg_analysis_manifest.v
rc=0   14.9s manifest/pgg_tableau.v
rc=0    5.1s manifest/pgg_tableau_syntax.v
rc=0    4.0s instances/kim2025/tableau/five_card_tableau_algebraic.v
rc=0    4.1s instances/kim2025/tableau/five_card_tableau_executable.v
rc=0    3.8s instances/kim2025/tableau/five_card_tableau_observed.v
rc=0    4.7s instances/kim2025/tableau/five_card_tableau_sampled.v
rc=0    7.0s instances/kim2025/tableau/five_card_tableau_analysis_bridged.v
rc=0    4.0s instances/s5/tableau/s5_tableau_algebraic.v
rc=0    4.1s instances/s5/tableau/s5_tableau_executable.v
rc=0    5.2s instances/s5/tableau/s5_tableau_observed.v
rc=0    4.0s instances/s5/tableau/s5_tableau_sampled.v
rc=0    4.3s instances/s5/tableau/s5_tableau_analysis_bridged.v
rc=0    5.0s instances/kim2025/tableau/five_card_tableau_checks.v
rc=0    4.0s instances/pgl27/tableau/pgl27_tableau_algebraic.v
rc=0    4.4s instances/pgl27/tableau/pgl27_tableau_executable.v
rc=0    4.1s instances/pgl27/tableau/pgl27_tableau_observed.v
rc=0    4.0s instances/pgl27/tableau/pgl27_tableau_sampled.v
rc=0    7.4s instances/pgl27/tableau/pgl27_tableau_analysis_bridged.v
rc=0    4.8s instances/pgl27/tableau/pgl27_tableau_checks.v
rc=0   23.7s instances/psl211/psl211_reading_constancy.v
rc=0    4.2s instances/psl211/tableau/psl211_tableau_algebraic.v
rc=0    4.4s instances/psl211/tableau/psl211_tableau_executable.v
rc=0    5.6s instances/psl211/tableau/psl211_tableau_observed.v
rc=0    4.7s instances/psl211/tableau/psl211_tableau_sampled.v
rc=0    6.1s instances/psl211/tableau/psl211_tableau_analysis_bridged.v
rc=0    5.4s instances/psl211/tableau/psl211_tableau_checks.v
rc=0    3.6s instances/s5/tableau/s5_tableau_checks.v
rc=0    3.9s manifest/pgg_analysis_client.v
rc=0    4.1s manifest/pgg_tableau_security_property_relations.v
ALL OK
