\BOOKMARK [1][-]{section.1}{\376\377\000I\000n\000t\000r\000o\000d\000u\000c\000t\000i\000o\000n}{}% 1
\BOOKMARK [1][-]{section.2}{\376\377\000B\000a\000c\000k\000g\000r\000o\000u\000n\000d}{}% 2
\BOOKMARK [2][-]{subsection.2.1}{\376\377\000C\000a\000r\000d\000-\000B\000a\000s\000e\000d\000\040\000C\000r\000y\000p\000t\000o\000g\000r\000a\000p\000h\000i\000c\000\040\000P\000r\000o\000t\000o\000c\000o\000l\000s}{section.2}% 3
\BOOKMARK [2][-]{subsection.2.2}{\376\377\000D\000i\000a\000c\000o\000n\000i\000s\000\040\000S\000h\000u\000f\000f\000l\000e\000\040\000F\000a\000i\000r\000n\000e\000s\000s\000\040\000a\000n\000d\000\040\000S\000p\000e\000c\000t\000r\000a\000l\000\040\000G\000a\000p}{section.2}% 4
\BOOKMARK [2][-]{subsection.2.3}{\376\377\000R\000o\000c\000q\000,\000\040\000M\000a\000t\000h\000C\000o\000m\000p\000,\000\040\000a\000n\000d\000\040\000H\000B}{section.2}% 5
\BOOKMARK [1][-]{section.3}{\376\377\000P\000G\000G\000\040\000F\000r\000a\000m\000e\000w\000o\000r\000k}{}% 6
\BOOKMARK [2][-]{subsection.3.1}{\376\377\000M\000o\000n\000o\000d\000r\000o\000m\000y\000\040\000R\000e\000p\000r\000e\000s\000e\000n\000t\000a\000t\000i\000o\000n}{section.3}% 7
\BOOKMARK [2][-]{subsection.3.2}{\376\377\000W\000o\000r\000d\000\040\000E\000v\000a\000l\000u\000a\000t\000i\000o\000n\000\040\000a\000n\000d\000\040\000A\000c\000h\000i\000e\000v\000a\000b\000l\000e\000\040\000S\000e\000t\000s}{section.3}% 8
\BOOKMARK [2][-]{subsection.3.3}{\376\377\000P\000r\000o\000t\000o\000c\000o\000l\000:\000\040\000D\000e\000a\000l\000e\000r\000,\000\040\000P\000l\000a\000y\000e\000r\000,\000\040\000V\000e\000r\000i\000f\000i\000e\000r}{section.3}% 9
\BOOKMARK [1][-]{section.4}{\376\377\000S\000e\000c\000u\000r\000i\000t\000y\000\040\000A\000n\000a\000l\000y\000s\000i\000s}{}% 10
\BOOKMARK [2][-]{subsection.4.1}{\376\377\000C\000o\000l\000l\000u\000s\000i\000o\000n\000\040\000B\000o\000u\000n\000d}{section.4}% 11
\BOOKMARK [2][-]{subsection.4.2}{\376\377\000S\000c\000h\000r\000e\000i\000e\000r\000\040\000S\000p\000e\000c\000t\000r\000a\000l\000\040\000G\000a\000p}{section.4}% 12
\BOOKMARK [2][-]{subsection.4.3}{\376\377\000E\000n\000t\000r\000o\000p\000y\000\040\000P\000i\000p\000e\000l\000i\000n\000e}{section.4}% 13
\BOOKMARK [1][-]{section.5}{\376\377\000T\000h\000r\000e\000s\000h\000o\000l\000d\000\040\000L\000a\000n\000d\000s\000c\000a\000p\000e}{}% 14
\BOOKMARK [2][-]{subsection.5.1}{\376\377\000C\000o\000v\000e\000r\000i\000n\000g\000\040\000S\000c\000h\000e\000m\000e\000s\000\040\000a\000n\000d\000\040\000G\000e\000n\000u\000s}{section.5}% 15
\BOOKMARK [2][-]{subsection.5.2}{\376\377\000S\000e\000c\000u\000r\000i\000t\000y\000-\000T\000h\000r\000e\000s\000h\000o\000l\000d\000\040\000T\000r\000a\000d\000e\000o\000f\000f}{section.5}% 16
\BOOKMARK [2][-]{subsection.5.3}{\376\377\000A\000l\000g\000e\000b\000r\000a\000i\000c\000\040\000R\000i\000g\000i\000d\000i\000t\000y}{section.5}% 17
\BOOKMARK [1][-]{section.6}{\376\377\000C\000o\000n\000c\000r\000e\000t\000e\000\040\000I\000n\000s\000t\000a\000n\000c\000e\000s}{}% 18
\BOOKMARK [2][-]{subsection.6.1}{\376\377\000F\000i\000v\000e\000-\000C\000a\000r\000d\000\040\000T\000r\000i\000c\000k\000\040\000\050\000Z\0005\000\051}{section.6}% 19
\BOOKMARK [2][-]{subsection.6.2}{\376\377\000O\000v\000e\000r\000l\000a\000p\000p\000i\000n\000g\000\040\000C\000y\000c\000l\000e\000s\000\040\000O\000C\000\050\000k\000,\000p\000\051}{section.6}% 20
\BOOKMARK [2][-]{subsection.6.3}{\376\377\000S\0005\000\040\000P\000a\000t\000h\000\040\000R\000A\000A\000G}{section.6}% 21
\BOOKMARK [2][-]{subsection.6.4}{\376\377\000M\000o\000n\000s\000t\000e\000r\000\040\000G\000r\000o\000u\000p}{section.6}% 22
\BOOKMARK [2][-]{subsection.6.5}{\376\377\000A\000b\000e\000l\000i\000a\000n\000\040\000C\000o\000l\000l\000a\000p\000s\000e}{section.6}% 23
\BOOKMARK [1][-]{section.7}{\376\377\000M\000e\000c\000h\000a\000n\000i\000z\000e\000d\000\040\000P\000r\000o\000o\000f\000s}{}% 24
\BOOKMARK [2][-]{subsection.7.1}{\376\377\000A\000r\000c\000h\000i\000t\000e\000c\000t\000u\000r\000e}{section.7}% 25
\BOOKMARK [2][-]{subsection.7.2}{\376\377\000A\000x\000i\000o\000m\000\040\000I\000n\000v\000e\000n\000t\000o\000r\000y}{section.7}% 26
\BOOKMARK [2][-]{subsection.7.3}{\376\377\000D\000i\000s\000c\000u\000s\000s\000i\000o\000n}{section.7}% 27
\BOOKMARK [1][-]{section.8}{\376\377\000R\000e\000l\000a\000t\000e\000d\000\040\000W\000o\000r\000k}{}% 28
\BOOKMARK [1][-]{section.9}{\376\377\000C\000o\000n\000c\000l\000u\000s\000i\000o\000n}{}% 29
